
> tax-accounting-pwa@0.0.0 build
> tsc -b && vite build

[36mvite v7.3.1 [32mbuilding client environment for production...[36m[39m
transforming...
[32m笨・[39m 12632 modules transformed.
rendering chunks...
computing gzip size...
[2mdist/[22m[32mregisterSW.js                 [39m[1m[2m    0.13 kB[22m[1m[22m
[2mdist/[22m[32mmanifest.webmanifest          [39m[1m[2m    0.40 kB[22m[1m[22m
[2mdist/[22m[32mindex.html                    [39m[1m[2m    0.56 kB[22m[1m[22m[2m 笏・gzip:   0.37 kB[22m
[2mdist/[22m[35massets/index-CIKa6TRH.css     [39m[1m[2m    0.88 kB[22m[1m[22m[2m 笏・gzip:   0.47 kB[22m
[2mdist/[22m[36massets/purify.es-CovBOfck.js  [39m[1m[2m   22.58 kB[22m[1m[22m[2m 笏・gzip:   8.67 kB[22m
[2mdist/[22m[36massets/index.es-DftTleOq.js   [39m[1m[2m  158.58 kB[22m[1m[22m[2m 笏・gzip:  52.93 kB[22m
[2mdist/[22m[36massets/index-DNbcFZrq.js      [39m[1m[33m2,347.80 kB[39m[22m[2m 笏・gzip: 718.91 kB[22m
node.exe : [33m
発生場所 行:1 文字:1
+ & "C:\Program Files\nodejs/node.exe" "C:\Program Files\nodejs/node_mo ...
+ ~~~~~~~~~~~~~~~~~~~~~~~~~~~~~~~~~~~~~~~~~~~~~~~~~~~~~~~~~~~~~~~~~~~~~
    + CategoryInfo          : NotSpecified: ([33m:String) [], RemoteException
    + FullyQualifiedErrorId : NativeCommandError
 
(!) Some chunks are larger than 500 kB after minification. Consider:
- Using dynamic import() to code-split the application
- Use build.rollupOptions.output.manualChunks to improve chunking: https://rollupjs.org/configuration-options
/#output-manualchunks
- Adjust chunk size limit for this warning via build.chunkSizeWarningLimit.[39m
[32m笨・built in 11.33s[39m
[31merror during build:
Error: 
  Configure "workbox.maximumFileSizeToCacheInBytes" to change the limit: the default value is 2 MiB.
  Check https://vite-pwa-org.netlify.app/guide/faq.html#missing-assets-from-sw-precache-manifest for more inf
ormation.
  Assets exceeding the limit:
  - assets/index-DNbcFZrq.js is 2.35 MB, and won't be precached.

    at logWorkboxResult (file:///C:/Users/cockt/.gemini/antigravity/scratch/tax-accounting-pwa/node_modules/v
ite-plugin-pwa/dist/chunk-G4TAN34B.js:44:13)
    at generateServiceWorker (file:///C:/Users/cockt/.gemini/antigravity/scratch/tax-accounting-pwa/node_modu
les/vite-plugin-pwa/dist/index.js:209:3)
    at async _generateSW (file:///C:/Users/cockt/.gemini/antigravity/scratch/tax-accounting-pwa/node_modules/
vite-plugin-pwa/dist/index.js:234:5)
    at async Object.handler (file:///C:/Users/cockt/.gemini/antigravity/scratch/tax-accounting-pwa/node_modul
es/vite-plugin-pwa/dist/index.js:427:13)
    at async PluginDriver.hookParallel (file:///C:/Users/cockt/.gemini/antigravity/scratch/tax-accounting-pwa
/node_modules/rollup/dist/es/shared/node-entry.js:22475:17)
    at async Object.close (file:///C:/Users/cockt/.gemini/antigravity/scratch/tax-accounting-pwa/node_modules
/rollup/dist/es/shared/node-entry.js:23494:13)
    at async buildEnvironment (file:///C:/Users/cockt/.gemini/antigravity/scratch/tax-accounting-pwa/node_mod
ules/vite/dist/node/chunks/config.js:33555:15)
    at async Object.build (file:///C:/Users/cockt/.gemini/antigravity/scratch/tax-accounting-pwa/node_modules
/vite/dist/node/chunks/config.js:33900:19)
    at async Object.buildApp (file:///C:/Users/cockt/.gemini/antigravity/scratch/tax-accounting-pwa/node_modu
les/vite/dist/node/chunks/config.js:33897:153)
    at async CAC.<anonymous> (file:///C:/Users/cockt/.gemini/antigravity/scratch/tax-accounting-pwa/node_modu
les/vite/dist/node/cli.js:629:3)[39m
